// Vitest Snapshot v1, https://vitest.dev/guide/snapshot.html

exports[`assembleContext > snapshot：固化完整 prompt 结构 1`] = `
{
  "messages": [
    {
      "content": "## 本场景
标题：发现水帘洞
POV：孙悟空
时间：石猴出世后某日
地点：花果山瀑布
情节要点：众猴嬉戏，石猴纵身跃入瀑布，发现水帘洞。

## 本场景角色档案
《孙悟空》
别名：石猴、美猴王
性格：桀骜不驯、机智果敢
能力：七十二变、筋斗云
口吻样例：「俺老孙来也！」 「妖怪，吃我一棒！」
成长弧线：从石猴到斗战胜佛

## 需呼应的伏笔/设定
- 花果山（地点）：东胜神洲傲来国海中名山。

## 前文（最近场景：石猴初醒）
石猴睁眼，拜四方。

## 写作指令
请根据以上设定与场景要求创作本场景正文。要求：突出石猴的胆识与众猴的反应。",
      "role": "user",
    },
  ],
  "system": "你是一名专业的中文小说写作助手。请根据用户提供的原作百科、场景脚本要求和用户指令，生成一段小说正文。

要求：
- 保持角色一致性，符合原作设定
- 文风贴近原作
- 推进情节，不拖沓
- 适当呼应伏笔

直接输出正文，不要额外解释。

# 原作百科（含用户设定，标注「用户设定·优先」的条目与原作冲突时以用户设定为准）
【角色】
孙悟空：性格 桀骜不驯、机智果敢；能力 七十二变、筋斗云

【设定】
花果山（地点）：东胜神洲傲来国海中名山。

【情节线】
石猴出世（主线）：仙石迸裂，石猴出世。",
}
`;
